
> music_shop_hbs@1.0.0 test
> npm run mysql && mocha test/tests.js $FLAG --exit; npm run mysql:stop


> music_shop_hbs@1.0.0 mysql
> npm run mysql:restart && npm run mysql:check


> music_shop_hbs@1.0.0 mysql:restart
> npm run mysql:stop; npm run mysql:start


> music_shop_hbs@1.0.0 mysql:stop
> docker container stop mysql-sandbox


> music_shop_hbs@1.0.0 mysql:start
> export FLAG=-d && npm run mysql:run


> music_shop_hbs@1.0.0 mysql:run
> docker run $FLAG --rm -p 3306:3306 -v $(pwd)/schema:/docker-entrypoint-initdb.d --name=mysql-sandbox -e MYSQL_ALLOW_EMPTY_PASSWORD=root -e MYSQL_DATABASE=$npm_package_config_DB_NAME mysql:8.4 mysqld --mysql-native-password=ON --authentication_policy=mysql_native_password

9ed808786c01b54fc80257deab5434e3b735ce91ba24ff7430974d9483414803

> music_shop_hbs@1.0.0 mysql:check
> until docker exec -it mysql-sandbox mysql -e "use $npm_package_config_DB_NAME; show tables;"; do echo ...; sleep 1; done && sleep 3


ERROR 2002 (HY000): Can't connect to local MySQL server through socket '/var/run/mysqld/mysqld.sock' (2)
...
ERROR 2002 (HY000): Can't connect to local MySQL server through socket '/var/run/mysqld/mysqld.sock' (2)
...
ERROR 2002 (HY000): Can't connect to local MySQL server through socket '/var/run/mysqld/mysqld.sock' (2)
...
ERROR 2002 (HY000): Can't connect to local MySQL server through socket '/var/run/mysqld/mysqld.sock' (2)
...
ERROR 2002 (HY000): Can't connect to local MySQL server through socket '/var/run/mysqld/mysqld.sock' (2)
...
ERROR 1049 (42000) at line 1: Unknown database 'music_shop_db'
...
ERROR 1049 (42000) at line 1: Unknown database 'music_shop_db'
...
ERROR 1049 (42000) at line 1: Unknown database 'music_shop_db'
...
ERROR 2002 (HY000): Can't connect to local MySQL server through socket '/var/run/mysqld/mysqld.sock' (2)
...
ERROR 2002 (HY000): Can't connect to local MySQL server through socket '/var/run/mysqld/mysqld.sock' (2)
...
+-------------------------+
| Tables_in_music_shop_db |
+-------------------------+
| cart                    |
| inventory               |
+-------------------------+


  e-commerce site
    static files
      ✔ /style.css should serve style.css
      ✔ /index.js should serve index.js
      ✔ /images/acoustic.jpg should serve acoustic image
      ✔ /images/bass.jpg should serve bass image
      ✔ /images/picks.jpg should serve picks image
      ✔ /images/strat.jpg should serve strat image
      ✔ /images/ukulele.jpg should serve ukulele image
      ✔ /images/amp.jpg should serve amp image
      ✔ /images/cable.jpg should serve cable image
      ✔ /images/strap.jpg should serve strap image
      ✔ /images/strings.jpg should serve strings image
    e-commerce api
      cart
        ✔ POST /api/cart should add to cart
        ✔ POST /api/cart should return 404 if inventory item does not exist
        ✔ POST /api/cart should return 409 if item quantity is insufficient
        ✔ PUT /api/cart/:id should change cart quantity
        ✔ PUT /api/cart/:id should return 404 if cart item does not exist
        ✔ PUT /api/cart/:id should return 409 if inventory quantity insufficient
        ✔ DELETE /api/cart/:id should remove cart item
        ✔ DELETE /api/cart/:id should return 404 if cart item does not exist
        ✔ DELETE /api/cart/ should empty cart
    e-commerce front-end routes
      GET / - index/inventory page
        ✔ should return HTML for index page (107ms)
        ✔ should show cart count
        ✔ should render names of items
        ✔ should render descriptions of items
        ✔ should render items for sale in link tags that lead to product page
        ✔ should render price of items
        ✔ should render images of items (48ms)
      GET /product/:id - product pages
        GET /product/1 - product page for Stratocaster
          1) should return HTML
          2) should show cart count
          3) should show name (Stratocaster)
          4) should show price ($599.99)
          5) should show description (One of the most iconic electric guitars ever made.)
          6) should show image of product (images/strat.jpg)
          7) should render a form that POSTs to /api/cart?inventoryId=1
          8) should render an "add to cart" button inside form
          9) should render a quantity input of type number set to 1 inside form
        GET /product/2 - product page for Mini Amp
          10) should return HTML
          11) should show cart count
          12) should show name (Mini Amp)
          13) should show price ($49.99)
          14) should show description (A small practice amp that shouldn't annoy roommates or neighbors.)
          15) should show image of product (images/amp.jpg)
          16) should render a form that POSTs to /api/cart?inventoryId=2
          17) should render an "add to cart" button inside form
          18) should render a quantity input of type number set to 1 inside form
        GET /product/3 - product page for Bass Guitar
          19) should return HTML
          20) should show cart count
          21) should show name (Bass Guitar)
          22) should show price ($399.99)
          23) should show description (A four string electric bass guitar.)
          24) should show image of product (images/bass.jpg)
          25) should render a form that POSTs to /api/cart?inventoryId=3
          26) should render an "add to cart" button inside form
          27) should render a quantity input of type number set to 1 inside form
        GET /product/4 - product page for Acoustic Guitar
          28) should return HTML
          29) should show cart count
          30) should show name (Acoustic Guitar)
          31) should show price ($799.99)
          32) should show description (Perfect for campfire sing-alongs.)
          33) should show image of product (images/acoustic.jpg)
          34) should render a form that POSTs to /api/cart?inventoryId=4
          35) should render an "add to cart" button inside form
          36) should render a quantity input of type number set to 1 inside form
        GET /product/5 - product page for Ukulele
          37) should return HTML
          38) should show cart count
          39) should show name (Ukulele)
          40) should show price ($99.99)
          41) should show description (A four string tenor ukulele tuned GCEA.)
          42) should show image of product (images/ukulele.jpg)
          43) should render a form that POSTs to /api/cart?inventoryId=5
          44) should render an "add to cart" button inside form
          45) should render a quantity input of type number set to 1 inside form
        GET /product/6 - product page for Strap
          46) should return HTML
          47) should show cart count
          48) should show name (Strap)
          49) should show price ($29.99)
          50) should show description (Woven instrument strap keeps your guitar or bass strapped to you to allow playing while standing.)
          51) should show image of product (images/strap.jpg)
          52) should render a form that POSTs to /api/cart?inventoryId=6
          53) should render an "add to cart" button inside form
          54) should render a quantity input of type number set to 1 inside form
        GET /product/7 - product page for Assortment of Picks
          55) should return HTML
          56) should show cart count
          57) should show name (Assortment of Picks)
          58) should show price ($9.99)
          59) should show description (Picks for acoustic or electric players.)
          60) should show image of product (images/picks.jpg)
          61) should render a form that POSTs to /api/cart?inventoryId=7
          62) should render an "add to cart" button inside form
          63) should render a quantity input of type number set to 1 inside form
        GET /product/8 - product page for Guitar Strings
          64) should return HTML
          65) should show cart count
          66) should show name (Guitar Strings)
          67) should show price ($12.99)
          68) should show description (High quality wound strings for your acoustic or electric guitar or bass.)
          69) should show image of product (images/strings.jpg)
          70) should render a form that POSTs to /api/cart?inventoryId=8
          71) should render an "add to cart" button inside form
          72) should render a quantity input of type number set to 1 inside form
        GET /product/9 - product page for Instrument Cable
          73) should return HTML
          74) should show cart count
          75) should show name (Instrument Cable)
          76) should show price ($19.99)
          77) should show description (A cable to connect an electric guitar or bass to an amplifier.)
          78) should show image of product (images/cable.jpg)
          79) should render a form that POSTs to /api/cart?inventoryId=9
          80) should render an "add to cart" button inside form
          81) should render a quantity input of type number set to 1 inside form
      GET /cart - cart page
        ✔ should return HTML
        ✔ should render "Cart" heading
        ✔ should render "return to store" link
        ✔ should render "empty cart" button
        ✔ should render total
        Cart Item: Stratocaster
          ✔ should render name
          ✔ should render image
          ✔ should render price
          ✔ should render link to product
          ✔ should render quantity
          82) should render cart id on input
          83) should render calculatedPrice (quantity * price)
          ✔ should render remove btn
        Cart Item: Strap
          ✔ should render name
          ✔ should render image
          ✔ should render price
          ✔ should render link to product
          ✔ should render quantity
          84) should render cart id on input
          85) should render calculatedPrice (quantity * price)
          ✔ should render remove btn
        Cart Item: Assortment of Picks
          ✔ should render name
          ✔ should render image
          ✔ should render price
          ✔ should render link to product
          ✔ should render quantity
          86) should render cart id on input
          87) should render calculatedPrice (quantity * price)
          ✔ should render remove btn
        Cart Item: Instrument Cable
          ✔ should render name
          ✔ should render image
          ✔ should render price
          ✔ should render link to product
          ✔ should render quantity
          88) should render cart id on input
          89) should render calculatedPrice (quantity * price)
          ✔ should render remove btn
        Cart Item: Mini Amp
          ✔ should render name
          ✔ should render image
          ✔ should render price
          ✔ should render link to product
          ✔ should render quantity
          90) should render cart id on input
          91) should render calculatedPrice (quantity * price)
          ✔ should render remove btn


  62 passing (2s)
  91 failing

  1) e-commerce site
       e-commerce front-end routes
         GET /product/:id - product pages
           GET /product/1 - product page for Stratocaster
             should return HTML:

      AssertionError: expected 500 to equal 200
      + expected - actual

      -500
      +200
      
      at Context.<anonymous> (test/tests.js:474:35)
      at process.processTicksAndRejections (node:internal/process/task_queues:95:5)

  2) e-commerce site
       e-commerce front-end routes
         GET /product/:id - product pages
           GET /product/1 - product page for Stratocaster
             should show cart count:

      AssertionError: expected 500 to equal 200
      + expected - actual

      -500
      +200
      
      at Context.<anonymous> (test/tests.js:479:35)
      at process.processTicksAndRejections (node:internal/process/task_queues:95:5)

  3) e-commerce site
       e-commerce front-end routes
         GET /product/:id - product pages
           GET /product/1 - product page for Stratocaster
             should show name (Stratocaster):

      AssertionError: expected 500 to equal 200
      + expected - actual

      -500
      +200
      
      at Context.<anonymous> (test/tests.js:502:37)
      at process.processTicksAndRejections (node:internal/process/task_queues:95:5)

  4) e-commerce site
       e-commerce front-end routes
         GET /product/:id - product pages
           GET /product/1 - product page for Stratocaster
             should show price ($599.99):

      AssertionError: expected 500 to equal 200
      + expected - actual

      -500
      +200
      
      at Context.<anonymous> (test/tests.js:502:37)
      at process.processTicksAndRejections (node:internal/process/task_queues:95:5)

  5) e-commerce site
       e-commerce front-end routes
         GET /product/:id - product pages
           GET /product/1 - product page for Stratocaster
             should show description (One of the most iconic electric guitars ever made.):

      AssertionError: expected 500 to equal 200
      + expected - actual

      -500
      +200
      
      at Context.<anonymous> (test/tests.js:502:37)
      at process.processTicksAndRejections (node:internal/process/task_queues:95:5)

  6) e-commerce site
       e-commerce front-end routes
         GET /product/:id - product pages
           GET /product/1 - product page for Stratocaster
             should show image of product (images/strat.jpg):

      AssertionError: expected 500 to equal 200
      + expected - actual

      -500
      +200
      
      at Context.<anonymous> (test/tests.js:513:35)
      at process.processTicksAndRejections (node:internal/process/task_queues:95:5)

  7) e-commerce site
       e-commerce front-end routes
         GET /product/:id - product pages
           GET /product/1 - product page for Stratocaster
             should render a form that POSTs to /api/cart?inventoryId=1:

      AssertionError: expected 500 to equal 200
      + expected - actual

      -500
      +200
      
      at Context.<anonymous> (test/tests.js:524:35)
      at process.processTicksAndRejections (node:internal/process/task_queues:95:5)

  8) e-commerce site
       e-commerce front-end routes
         GET /product/:id - product pages
           GET /product/1 - product page for Stratocaster
             should render an "add to cart" button inside form:

      AssertionError: expected 500 to equal 200
      + expected - actual

      -500
      +200
      
      at Context.<anonymous> (test/tests.js:536:35)
      at process.processTicksAndRejections (node:internal/process/task_queues:95:5)

  9) e-commerce site
       e-commerce front-end routes
         GET /product/:id - product pages
           GET /product/1 - product page for Stratocaster
             should render a quantity input of type number set to 1 inside form:

      AssertionError: expected 500 to equal 200
      + expected - actual

      -500
      +200
      
      at Context.<anonymous> (test/tests.js:549:35)
      at process.processTicksAndRejections (node:internal/process/task_queues:95:5)

  10) e-commerce site
       e-commerce front-end routes
         GET /product/:id - product pages
           GET /product/2 - product page for Mini Amp
             should return HTML:

      AssertionError: expected 500 to equal 200
      + expected - actual

      -500
      +200
      
      at Context.<anonymous> (test/tests.js:474:35)
      at process.processTicksAndRejections (node:internal/process/task_queues:95:5)

  11) e-commerce site
       e-commerce front-end routes
         GET /product/:id - product pages
           GET /product/2 - product page for Mini Amp
             should show cart count:

      AssertionError: expected 500 to equal 200
      + expected - actual

      -500
      +200
      
      at Context.<anonymous> (test/tests.js:479:35)
      at process.processTicksAndRejections (node:internal/process/task_queues:95:5)

  12) e-commerce site
       e-commerce front-end routes
         GET /product/:id - product pages
           GET /product/2 - product page for Mini Amp
             should show name (Mini Amp):

      AssertionError: expected 500 to equal 200
      + expected - actual

      -500
      +200
      
      at Context.<anonymous> (test/tests.js:502:37)
      at process.processTicksAndRejections (node:internal/process/task_queues:95:5)

  13) e-commerce site
       e-commerce front-end routes
         GET /product/:id - product pages
           GET /product/2 - product page for Mini Amp
             should show price ($49.99):

      AssertionError: expected 500 to equal 200
      + expected - actual

      -500
      +200
      
      at Context.<anonymous> (test/tests.js:502:37)
      at process.processTicksAndRejections (node:internal/process/task_queues:95:5)

  14) e-commerce site
       e-commerce front-end routes
         GET /product/:id - product pages
           GET /product/2 - product page for Mini Amp
             should show description (A small practice amp that shouldn't annoy roommates or neighbors.):

      AssertionError: expected 500 to equal 200
      + expected - actual

      -500
      +200
      
      at Context.<anonymous> (test/tests.js:502:37)
      at process.processTicksAndRejections (node:internal/process/task_queues:95:5)

  15) e-commerce site
       e-commerce front-end routes
         GET /product/:id - product pages
           GET /product/2 - product page for Mini Amp
             should show image of product (images/amp.jpg):

      AssertionError: expected 500 to equal 200
      + expected - actual

      -500
      +200
      
      at Context.<anonymous> (test/tests.js:513:35)
      at process.processTicksAndRejections (node:internal/process/task_queues:95:5)

  16) e-commerce site
       e-commerce front-end routes
         GET /product/:id - product pages
           GET /product/2 - product page for Mini Amp
             should render a form that POSTs to /api/cart?inventoryId=2:

      AssertionError: expected 500 to equal 200
      + expected - actual

      -500
      +200
      
      at Context.<anonymous> (test/tests.js:524:35)
      at process.processTicksAndRejections (node:internal/process/task_queues:95:5)

  17) e-commerce site
       e-commerce front-end routes
         GET /product/:id - product pages
           GET /product/2 - product page for Mini Amp
             should render an "add to cart" button inside form:

      AssertionError: expected 500 to equal 200
      + expected - actual

      -500
      +200
      
      at Context.<anonymous> (test/tests.js:536:35)
      at process.processTicksAndRejections (node:internal/process/task_queues:95:5)

  18) e-commerce site
       e-commerce front-end routes
         GET /product/:id - product pages
           GET /product/2 - product page for Mini Amp
             should render a quantity input of type number set to 1 inside form:

      AssertionError: expected 500 to equal 200
      + expected - actual

      -500
      +200
      
      at Context.<anonymous> (test/tests.js:549:35)
      at process.processTicksAndRejections (node:internal/process/task_queues:95:5)

  19) e-commerce site
       e-commerce front-end routes
         GET /product/:id - product pages
           GET /product/3 - product page for Bass Guitar
             should return HTML:

      AssertionError: expected 500 to equal 200
      + expected - actual

      -500
      +200
      
      at Context.<anonymous> (test/tests.js:474:35)
      at process.processTicksAndRejections (node:internal/process/task_queues:95:5)

  20) e-commerce site
       e-commerce front-end routes
         GET /product/:id - product pages
           GET /product/3 - product page for Bass Guitar
             should show cart count:

      AssertionError: expected 500 to equal 200
      + expected - actual

      -500
      +200
      
      at Context.<anonymous> (test/tests.js:479:35)
      at process.processTicksAndRejections (node:internal/process/task_queues:95:5)

  21) e-commerce site
       e-commerce front-end routes
         GET /product/:id - product pages
           GET /product/3 - product page for Bass Guitar
             should show name (Bass Guitar):

      AssertionError: expected 500 to equal 200
      + expected - actual

      -500
      +200
      
      at Context.<anonymous> (test/tests.js:502:37)
      at process.processTicksAndRejections (node:internal/process/task_queues:95:5)

  22) e-commerce site
       e-commerce front-end routes
         GET /product/:id - product pages
           GET /product/3 - product page for Bass Guitar
             should show price ($399.99):

      AssertionError: expected 500 to equal 200
      + expected - actual

      -500
      +200
      
      at Context.<anonymous> (test/tests.js:502:37)
      at process.processTicksAndRejections (node:internal/process/task_queues:95:5)

  23) e-commerce site
       e-commerce front-end routes
         GET /product/:id - product pages
           GET /product/3 - product page for Bass Guitar
             should show description (A four string electric bass guitar.):

      AssertionError: expected 500 to equal 200
      + expected - actual

      -500
      +200
      
      at Context.<anonymous> (test/tests.js:502:37)
      at process.processTicksAndRejections (node:internal/process/task_queues:95:5)

  24) e-commerce site
       e-commerce front-end routes
         GET /product/:id - product pages
           GET /product/3 - product page for Bass Guitar
             should show image of product (images/bass.jpg):

      AssertionError: expected 500 to equal 200
      + expected - actual

      -500
      +200
      
      at Context.<anonymous> (test/tests.js:513:35)
      at process.processTicksAndRejections (node:internal/process/task_queues:95:5)

  25) e-commerce site
       e-commerce front-end routes
         GET /product/:id - product pages
           GET /product/3 - product page for Bass Guitar
             should render a form that POSTs to /api/cart?inventoryId=3:

      AssertionError: expected 500 to equal 200
      + expected - actual

      -500
      +200
      
      at Context.<anonymous> (test/tests.js:524:35)
      at process.processTicksAndRejections (node:internal/process/task_queues:95:5)

  26) e-commerce site
       e-commerce front-end routes
         GET /product/:id - product pages
           GET /product/3 - product page for Bass Guitar
             should render an "add to cart" button inside form:

      AssertionError: expected 500 to equal 200
      + expected - actual

      -500
      +200
      
      at Context.<anonymous> (test/tests.js:536:35)
      at process.processTicksAndRejections (node:internal/process/task_queues:95:5)

  27) e-commerce site
       e-commerce front-end routes
         GET /product/:id - product pages
           GET /product/3 - product page for Bass Guitar
             should render a quantity input of type number set to 1 inside form:

      AssertionError: expected 500 to equal 200
      + expected - actual

      -500
      +200
      
      at Context.<anonymous> (test/tests.js:549:35)
      at process.processTicksAndRejections (node:internal/process/task_queues:95:5)

  28) e-commerce site
       e-commerce front-end routes
         GET /product/:id - product pages
           GET /product/4 - product page for Acoustic Guitar
             should return HTML:

      AssertionError: expected 500 to equal 200
      + expected - actual

      -500
      +200
      
      at Context.<anonymous> (test/tests.js:474:35)
      at process.processTicksAndRejections (node:internal/process/task_queues:95:5)

  29) e-commerce site
       e-commerce front-end routes
         GET /product/:id - product pages
           GET /product/4 - product page for Acoustic Guitar
             should show cart count:

      AssertionError: expected 500 to equal 200
      + expected - actual

      -500
      +200
      
      at Context.<anonymous> (test/tests.js:479:35)
      at process.processTicksAndRejections (node:internal/process/task_queues:95:5)

  30) e-commerce site
       e-commerce front-end routes
         GET /product/:id - product pages
           GET /product/4 - product page for Acoustic Guitar
             should show name (Acoustic Guitar):

      AssertionError: expected 500 to equal 200
      + expected - actual

      -500
      +200
      
      at Context.<anonymous> (test/tests.js:502:37)
      at process.processTicksAndRejections (node:internal/process/task_queues:95:5)

  31) e-commerce site
       e-commerce front-end routes
         GET /product/:id - product pages
           GET /product/4 - product page for Acoustic Guitar
             should show price ($799.99):

      AssertionError: expected 500 to equal 200
      + expected - actual

      -500
      +200
      
      at Context.<anonymous> (test/tests.js:502:37)
      at process.processTicksAndRejections (node:internal/process/task_queues:95:5)

  32) e-commerce site
       e-commerce front-end routes
         GET /product/:id - product pages
           GET /product/4 - product page for Acoustic Guitar
             should show description (Perfect for campfire sing-alongs.):

      AssertionError: expected 500 to equal 200
      + expected - actual

      -500
      +200
      
      at Context.<anonymous> (test/tests.js:502:37)
      at process.processTicksAndRejections (node:internal/process/task_queues:95:5)

  33) e-commerce site
       e-commerce front-end routes
         GET /product/:id - product pages
           GET /product/4 - product page for Acoustic Guitar
             should show image of product (images/acoustic.jpg):

      AssertionError: expected 500 to equal 200
      + expected - actual

      -500
      +200
      
      at Context.<anonymous> (test/tests.js:513:35)
      at process.processTicksAndRejections (node:internal/process/task_queues:95:5)

  34) e-commerce site
       e-commerce front-end routes
         GET /product/:id - product pages
           GET /product/4 - product page for Acoustic Guitar
             should render a form that POSTs to /api/cart?inventoryId=4:

      AssertionError: expected 500 to equal 200
      + expected - actual

      -500
      +200
      
      at Context.<anonymous> (test/tests.js:524:35)
      at process.processTicksAndRejections (node:internal/process/task_queues:95:5)

  35) e-commerce site
       e-commerce front-end routes
         GET /product/:id - product pages
           GET /product/4 - product page for Acoustic Guitar
             should render an "add to cart" button inside form:

      AssertionError: expected 500 to equal 200
      + expected - actual

      -500
      +200
      
      at Context.<anonymous> (test/tests.js:536:35)
      at process.processTicksAndRejections (node:internal/process/task_queues:95:5)

  36) e-commerce site
       e-commerce front-end routes
         GET /product/:id - product pages
           GET /product/4 - product page for Acoustic Guitar
             should render a quantity input of type number set to 1 inside form:

      AssertionError: expected 500 to equal 200
      + expected - actual

      -500
      +200
      
      at Context.<anonymous> (test/tests.js:549:35)
      at process.processTicksAndRejections (node:internal/process/task_queues:95:5)

  37) e-commerce site
       e-commerce front-end routes
         GET /product/:id - product pages
           GET /product/5 - product page for Ukulele
             should return HTML:

      AssertionError: expected 500 to equal 200
      + expected - actual

      -500
      +200
      
      at Context.<anonymous> (test/tests.js:474:35)
      at process.processTicksAndRejections (node:internal/process/task_queues:95:5)

  38) e-commerce site
       e-commerce front-end routes
         GET /product/:id - product pages
           GET /product/5 - product page for Ukulele
             should show cart count:

      AssertionError: expected 500 to equal 200
      + expected - actual

      -500
      +200
      
      at Context.<anonymous> (test/tests.js:479:35)
      at process.processTicksAndRejections (node:internal/process/task_queues:95:5)

  39) e-commerce site
       e-commerce front-end routes
         GET /product/:id - product pages
           GET /product/5 - product page for Ukulele
             should show name (Ukulele):

      AssertionError: expected 500 to equal 200
      + expected - actual

      -500
      +200
      
      at Context.<anonymous> (test/tests.js:502:37)
      at process.processTicksAndRejections (node:internal/process/task_queues:95:5)

  40) e-commerce site
       e-commerce front-end routes
         GET /product/:id - product pages
           GET /product/5 - product page for Ukulele
             should show price ($99.99):

      AssertionError: expected 500 to equal 200
      + expected - actual

      -500
      +200
      
      at Context.<anonymous> (test/tests.js:502:37)
      at process.processTicksAndRejections (node:internal/process/task_queues:95:5)

  41) e-commerce site
       e-commerce front-end routes
         GET /product/:id - product pages
           GET /product/5 - product page for Ukulele
             should show description (A four string tenor ukulele tuned GCEA.):

      AssertionError: expected 500 to equal 200
      + expected - actual

      -500
      +200
      
      at Context.<anonymous> (test/tests.js:502:37)
      at process.processTicksAndRejections (node:internal/process/task_queues:95:5)

  42) e-commerce site
       e-commerce front-end routes
         GET /product/:id - product pages
           GET /product/5 - product page for Ukulele
             should show image of product (images/ukulele.jpg):

      AssertionError: expected 500 to equal 200
      + expected - actual

      -500
      +200
      
      at Context.<anonymous> (test/tests.js:513:35)
      at process.processTicksAndRejections (node:internal/process/task_queues:95:5)

  43) e-commerce site
       e-commerce front-end routes
         GET /product/:id - product pages
           GET /product/5 - product page for Ukulele
             should render a form that POSTs to /api/cart?inventoryId=5:

      AssertionError: expected 500 to equal 200
      + expected - actual

      -500
      +200
      
      at Context.<anonymous> (test/tests.js:524:35)
      at process.processTicksAndRejections (node:internal/process/task_queues:95:5)

  44) e-commerce site
       e-commerce front-end routes
         GET /product/:id - product pages
           GET /product/5 - product page for Ukulele
             should render an "add to cart" button inside form:

      AssertionError: expected 500 to equal 200
      + expected - actual

      -500
      +200
      
      at Context.<anonymous> (test/tests.js:536:35)
      at process.processTicksAndRejections (node:internal/process/task_queues:95:5)

  45) e-commerce site
       e-commerce front-end routes
         GET /product/:id - product pages
           GET /product/5 - product page for Ukulele
             should render a quantity input of type number set to 1 inside form:

      AssertionError: expected 500 to equal 200
      + expected - actual

      -500
      +200
      
      at Context.<anonymous> (test/tests.js:549:35)
      at process.processTicksAndRejections (node:internal/process/task_queues:95:5)

  46) e-commerce site
       e-commerce front-end routes
         GET /product/:id - product pages
           GET /product/6 - product page for Strap
             should return HTML:

      AssertionError: expected 500 to equal 200
      + expected - actual

      -500
      +200
      
      at Context.<anonymous> (test/tests.js:474:35)
      at process.processTicksAndRejections (node:internal/process/task_queues:95:5)

  47) e-commerce site
       e-commerce front-end routes
         GET /product/:id - product pages
           GET /product/6 - product page for Strap
             should show cart count:

      AssertionError: expected 500 to equal 200
      + expected - actual

      -500
      +200
      
      at Context.<anonymous> (test/tests.js:479:35)
      at process.processTicksAndRejections (node:internal/process/task_queues:95:5)

  48) e-commerce site
       e-commerce front-end routes
         GET /product/:id - product pages
           GET /product/6 - product page for Strap
             should show name (Strap):

      AssertionError: expected 500 to equal 200
      + expected - actual

      -500
      +200
      
      at Context.<anonymous> (test/tests.js:502:37)
      at process.processTicksAndRejections (node:internal/process/task_queues:95:5)

  49) e-commerce site
       e-commerce front-end routes
         GET /product/:id - product pages
           GET /product/6 - product page for Strap
             should show price ($29.99):

      AssertionError: expected 500 to equal 200
      + expected - actual

      -500
      +200
      
      at Context.<anonymous> (test/tests.js:502:37)
      at process.processTicksAndRejections (node:internal/process/task_queues:95:5)

  50) e-commerce site
       e-commerce front-end routes
         GET /product/:id - product pages
           GET /product/6 - product page for Strap
             should show description (Woven instrument strap keeps your guitar or bass strapped to you to allow playing while standing.):

      AssertionError: expected 500 to equal 200
      + expected - actual

      -500
      +200
      
      at Context.<anonymous> (test/tests.js:502:37)
      at process.processTicksAndRejections (node:internal/process/task_queues:95:5)

  51) e-commerce site
       e-commerce front-end routes
         GET /product/:id - product pages
           GET /product/6 - product page for Strap
             should show image of product (images/strap.jpg):

      AssertionError: expected 500 to equal 200
      + expected - actual

      -500
      +200
      
      at Context.<anonymous> (test/tests.js:513:35)
      at process.processTicksAndRejections (node:internal/process/task_queues:95:5)

  52) e-commerce site
       e-commerce front-end routes
         GET /product/:id - product pages
           GET /product/6 - product page for Strap
             should render a form that POSTs to /api/cart?inventoryId=6:

      AssertionError: expected 500 to equal 200
      + expected - actual

      -500
      +200
      
      at Context.<anonymous> (test/tests.js:524:35)
      at process.processTicksAndRejections (node:internal/process/task_queues:95:5)

  53) e-commerce site
       e-commerce front-end routes
         GET /product/:id - product pages
           GET /product/6 - product page for Strap
             should render an "add to cart" button inside form:

      AssertionError: expected 500 to equal 200
      + expected - actual

      -500
      +200
      
      at Context.<anonymous> (test/tests.js:536:35)
      at process.processTicksAndRejections (node:internal/process/task_queues:95:5)

  54) e-commerce site
       e-commerce front-end routes
         GET /product/:id - product pages
           GET /product/6 - product page for Strap
             should render a quantity input of type number set to 1 inside form:

      AssertionError: expected 500 to equal 200
      + expected - actual

      -500
      +200
      
      at Context.<anonymous> (test/tests.js:549:35)
      at process.processTicksAndRejections (node:internal/process/task_queues:95:5)

  55) e-commerce site
       e-commerce front-end routes
         GET /product/:id - product pages
           GET /product/7 - product page for Assortment of Picks
             should return HTML:

      AssertionError: expected 500 to equal 200
      + expected - actual

      -500
      +200
      
      at Context.<anonymous> (test/tests.js:474:35)
      at process.processTicksAndRejections (node:internal/process/task_queues:95:5)

  56) e-commerce site
       e-commerce front-end routes
         GET /product/:id - product pages
           GET /product/7 - product page for Assortment of Picks
             should show cart count:

      AssertionError: expected 500 to equal 200
      + expected - actual

      -500
      +200
      
      at Context.<anonymous> (test/tests.js:479:35)
      at process.processTicksAndRejections (node:internal/process/task_queues:95:5)

  57) e-commerce site
       e-commerce front-end routes
         GET /product/:id - product pages
           GET /product/7 - product page for Assortment of Picks
             should show name (Assortment of Picks):

      AssertionError: expected 500 to equal 200
      + expected - actual

      -500
      +200
      
      at Context.<anonymous> (test/tests.js:502:37)
      at process.processTicksAndRejections (node:internal/process/task_queues:95:5)

  58) e-commerce site
       e-commerce front-end routes
         GET /product/:id - product pages
           GET /product/7 - product page for Assortment of Picks
             should show price ($9.99):

      AssertionError: expected 500 to equal 200
      + expected - actual

      -500
      +200
      
      at Context.<anonymous> (test/tests.js:502:37)
      at process.processTicksAndRejections (node:internal/process/task_queues:95:5)

  59) e-commerce site
       e-commerce front-end routes
         GET /product/:id - product pages
           GET /product/7 - product page for Assortment of Picks
             should show description (Picks for acoustic or electric players.):

      AssertionError: expected 500 to equal 200
      + expected - actual

      -500
      +200
      
      at Context.<anonymous> (test/tests.js:502:37)
      at process.processTicksAndRejections (node:internal/process/task_queues:95:5)

  60) e-commerce site
       e-commerce front-end routes
         GET /product/:id - product pages
           GET /product/7 - product page for Assortment of Picks
             should show image of product (images/picks.jpg):

      AssertionError: expected 500 to equal 200
      + expected - actual

      -500
      +200
      
      at Context.<anonymous> (test/tests.js:513:35)
      at process.processTicksAndRejections (node:internal/process/task_queues:95:5)

  61) e-commerce site
       e-commerce front-end routes
         GET /product/:id - product pages
           GET /product/7 - product page for Assortment of Picks
             should render a form that POSTs to /api/cart?inventoryId=7:

      AssertionError: expected 500 to equal 200
      + expected - actual

      -500
      +200
      
      at Context.<anonymous> (test/tests.js:524:35)
      at process.processTicksAndRejections (node:internal/process/task_queues:95:5)

  62) e-commerce site
       e-commerce front-end routes
         GET /product/:id - product pages
           GET /product/7 - product page for Assortment of Picks
             should render an "add to cart" button inside form:

      AssertionError: expected 500 to equal 200
      + expected - actual

      -500
      +200
      
      at Context.<anonymous> (test/tests.js:536:35)
      at process.processTicksAndRejections (node:internal/process/task_queues:95:5)

  63) e-commerce site
       e-commerce front-end routes
         GET /product/:id - product pages
           GET /product/7 - product page for Assortment of Picks
             should render a quantity input of type number set to 1 inside form:

      AssertionError: expected 500 to equal 200
      + expected - actual

      -500
      +200
      
      at Context.<anonymous> (test/tests.js:549:35)
      at process.processTicksAndRejections (node:internal/process/task_queues:95:5)

  64) e-commerce site
       e-commerce front-end routes
         GET /product/:id - product pages
           GET /product/8 - product page for Guitar Strings
             should return HTML:

      AssertionError: expected 500 to equal 200
      + expected - actual

      -500
      +200
      
      at Context.<anonymous> (test/tests.js:474:35)
      at process.processTicksAndRejections (node:internal/process/task_queues:95:5)

  65) e-commerce site
       e-commerce front-end routes
         GET /product/:id - product pages
           GET /product/8 - product page for Guitar Strings
             should show cart count:

      AssertionError: expected 500 to equal 200
      + expected - actual

      -500
      +200
      
      at Context.<anonymous> (test/tests.js:479:35)
      at process.processTicksAndRejections (node:internal/process/task_queues:95:5)

  66) e-commerce site
       e-commerce front-end routes
         GET /product/:id - product pages
           GET /product/8 - product page for Guitar Strings
             should show name (Guitar Strings):

      AssertionError: expected 500 to equal 200
      + expected - actual

      -500
      +200
      
      at Context.<anonymous> (test/tests.js:502:37)
      at process.processTicksAndRejections (node:internal/process/task_queues:95:5)

  67) e-commerce site
       e-commerce front-end routes
         GET /product/:id - product pages
           GET /product/8 - product page for Guitar Strings
             should show price ($12.99):

      AssertionError: expected 500 to equal 200
      + expected - actual

      -500
      +200
      
      at Context.<anonymous> (test/tests.js:502:37)
      at process.processTicksAndRejections (node:internal/process/task_queues:95:5)

  68) e-commerce site
       e-commerce front-end routes
         GET /product/:id - product pages
           GET /product/8 - product page for Guitar Strings
             should show description (High quality wound strings for your acoustic or electric guitar or bass.):

      AssertionError: expected 500 to equal 200
      + expected - actual

      -500
      +200
      
      at Context.<anonymous> (test/tests.js:502:37)
      at process.processTicksAndRejections (node:internal/process/task_queues:95:5)

  69) e-commerce site
       e-commerce front-end routes
         GET /product/:id - product pages
           GET /product/8 - product page for Guitar Strings
             should show image of product (images/strings.jpg):

      AssertionError: expected 500 to equal 200
      + expected - actual

      -500
      +200
      
      at Context.<anonymous> (test/tests.js:513:35)
      at process.processTicksAndRejections (node:internal/process/task_queues:95:5)

  70) e-commerce site
       e-commerce front-end routes
         GET /product/:id - product pages
           GET /product/8 - product page for Guitar Strings
             should render a form that POSTs to /api/cart?inventoryId=8:

      AssertionError: expected 500 to equal 200
      + expected - actual

      -500
      +200
      
      at Context.<anonymous> (test/tests.js:524:35)
      at process.processTicksAndRejections (node:internal/process/task_queues:95:5)

  71) e-commerce site
       e-commerce front-end routes
         GET /product/:id - product pages
           GET /product/8 - product page for Guitar Strings
             should render an "add to cart" button inside form:

      AssertionError: expected 500 to equal 200
      + expected - actual

      -500
      +200
      
      at Context.<anonymous> (test/tests.js:536:35)
      at process.processTicksAndRejections (node:internal/process/task_queues:95:5)

  72) e-commerce site
       e-commerce front-end routes
         GET /product/:id - product pages
           GET /product/8 - product page for Guitar Strings
             should render a quantity input of type number set to 1 inside form:

      AssertionError: expected 500 to equal 200
      + expected - actual

      -500
      +200
      
      at Context.<anonymous> (test/tests.js:549:35)
      at process.processTicksAndRejections (node:internal/process/task_queues:95:5)

  73) e-commerce site
       e-commerce front-end routes
         GET /product/:id - product pages
           GET /product/9 - product page for Instrument Cable
             should return HTML:

      AssertionError: expected 500 to equal 200
      + expected - actual

      -500
      +200
      
      at Context.<anonymous> (test/tests.js:474:35)
      at process.processTicksAndRejections (node:internal/process/task_queues:95:5)

  74) e-commerce site
       e-commerce front-end routes
         GET /product/:id - product pages
           GET /product/9 - product page for Instrument Cable
             should show cart count:

      AssertionError: expected 500 to equal 200
      + expected - actual

      -500
      +200
      
      at Context.<anonymous> (test/tests.js:479:35)
      at process.processTicksAndRejections (node:internal/process/task_queues:95:5)

  75) e-commerce site
       e-commerce front-end routes
         GET /product/:id - product pages
           GET /product/9 - product page for Instrument Cable
             should show name (Instrument Cable):

      AssertionError: expected 500 to equal 200
      + expected - actual

      -500
      +200
      
      at Context.<anonymous> (test/tests.js:502:37)
      at process.processTicksAndRejections (node:internal/process/task_queues:95:5)

  76) e-commerce site
       e-commerce front-end routes
         GET /product/:id - product pages
           GET /product/9 - product page for Instrument Cable
             should show price ($19.99):

      AssertionError: expected 500 to equal 200
      + expected - actual

      -500
      +200
      
      at Context.<anonymous> (test/tests.js:502:37)
      at process.processTicksAndRejections (node:internal/process/task_queues:95:5)

  77) e-commerce site
       e-commerce front-end routes
         GET /product/:id - product pages
           GET /product/9 - product page for Instrument Cable
             should show description (A cable to connect an electric guitar or bass to an amplifier.):

      AssertionError: expected 500 to equal 200
      + expected - actual

      -500
      +200
      
      at Context.<anonymous> (test/tests.js:502:37)
      at process.processTicksAndRejections (node:internal/process/task_queues:95:5)

  78) e-commerce site
       e-commerce front-end routes
         GET /product/:id - product pages
           GET /product/9 - product page for Instrument Cable
             should show image of product (images/cable.jpg):

      AssertionError: expected 500 to equal 200
      + expected - actual

      -500
      +200
      
      at Context.<anonymous> (test/tests.js:513:35)
      at process.processTicksAndRejections (node:internal/process/task_queues:95:5)

  79) e-commerce site
       e-commerce front-end routes
         GET /product/:id - product pages
           GET /product/9 - product page for Instrument Cable
             should render a form that POSTs to /api/cart?inventoryId=9:

      AssertionError: expected 500 to equal 200
      + expected - actual

      -500
      +200
      
      at Context.<anonymous> (test/tests.js:524:35)
      at process.processTicksAndRejections (node:internal/process/task_queues:95:5)

  80) e-commerce site
       e-commerce front-end routes
         GET /product/:id - product pages
           GET /product/9 - product page for Instrument Cable
             should render an "add to cart" button inside form:

      AssertionError: expected 500 to equal 200
      + expected - actual

      -500
      +200
      
      at Context.<anonymous> (test/tests.js:536:35)
      at process.processTicksAndRejections (node:internal/process/task_queues:95:5)

  81) e-commerce site
       e-commerce front-end routes
         GET /product/:id - product pages
           GET /product/9 - product page for Instrument Cable
             should render a quantity input of type number set to 1 inside form:

      AssertionError: expected 500 to equal 200
      + expected - actual

      -500
      +200
      
      at Context.<anonymous> (test/tests.js:549:35)
      at process.processTicksAndRejections (node:internal/process/task_queues:95:5)

  82) e-commerce site
       e-commerce front-end routes
         GET /cart - cart page
           Cart Item: Stratocaster
             should render cart id on input:

      AssertionError: expected '1' to equal '57'
      + expected - actual

      -1
      +57
      
      at Context.<anonymous> (test/tests.js:693:45)
      at process.processTicksAndRejections (node:internal/process/task_queues:95:5)

  83) e-commerce site
       e-commerce front-end routes
         GET /cart - cart page
           Cart Item: Stratocaster
             should render calculatedPrice (quantity * price):
     Unable to find an element with the text: $599.99. This could be because the text is broken up by multiple elements. In this case, you can provide a function for your text matcher to make your matcher more flexible.
  

  84) e-commerce site
       e-commerce front-end routes
         GET /cart - cart page
           Cart Item: Strap
             should render cart id on input:

      AssertionError: expected '6' to equal '58'
      + expected - actual

      -6
      +58
      
      at Context.<anonymous> (test/tests.js:693:45)
      at process.processTicksAndRejections (node:internal/process/task_queues:95:5)

  85) e-commerce site
       e-commerce front-end routes
         GET /cart - cart page
           Cart Item: Strap
             should render calculatedPrice (quantity * price):
     Unable to find an element with the text: $29.99. This could be because the text is broken up by multiple elements. In this case, you can provide a function for your text matcher to make your matcher more flexible.
  

  86) e-commerce site
       e-commerce front-end routes
         GET /cart - cart page
           Cart Item: Assortment of Picks
             should render cart id on input:

      AssertionError: expected '7' to equal '59'
      + expected - actual

      -7
      +59
      
      at Context.<anonymous> (test/tests.js:693:45)
      at process.processTicksAndRejections (node:internal/process/task_queues:95:5)

  87) e-commerce site
       e-commerce front-end routes
         GET /cart - cart page
           Cart Item: Assortment of Picks
             should render calculatedPrice (quantity * price):
     Unable to find an element with the text: $9.99. This could be because the text is broken up by multiple elements. In this case, you can provide a function for your text matcher to make your matcher more flexible.
  

  88) e-commerce site
       e-commerce front-end routes
         GET /cart - cart page
           Cart Item: Instrument Cable
             should render cart id on input:

      AssertionError: expected '9' to equal '60'
      + expected - actual

      -9
      +60
      
      at Context.<anonymous> (test/tests.js:693:45)
      at process.processTicksAndRejections (node:internal/process/task_queues:95:5)

  89) e-commerce site
       e-commerce front-end routes
         GET /cart - cart page
           Cart Item: Instrument Cable
             should render calculatedPrice (quantity * price):
     Unable to find an element with the text: $59.97. This could be because the text is broken up by multiple elements. In this case, you can provide a function for your text matcher to make your matcher more flexible.
  

  90) e-commerce site
       e-commerce front-end routes
         GET /cart - cart page
           Cart Item: Mini Amp
             should render cart id on input:

      AssertionError: expected '2' to equal '61'
      + expected - actual

      -2
      +61
      
      at Context.<anonymous> (test/tests.js:693:45)
      at process.processTicksAndRejections (node:internal/process/task_queues:95:5)

  91) e-commerce site
       e-commerce front-end routes
         GET /cart - cart page
           Cart Item: Mini Amp
             should render calculatedPrice (quantity * price):
     Unable to find an element with the text: $49.99. This could be because the text is broken up by multiple elements. In this case, you can provide a function for your text matcher to make your matcher more flexible.
  




> music_shop_hbs@1.0.0 mysql:stop
> docker container stop mysql-sandbox

mysql-sandbox
